//////// Just go4login

evovch@evovch-laptop:~/Documents/Useful/go4_5H_processor$ . ./env.sh
Configure Go4 v5.3.0 at /home/evovch/soft/go4-5.3.0

//////// Build the libUserAnalysis.so using cmake/make

evovch@evovch-laptop:~/Documents/Useful/go4_5H_processor$ ./compile.sh
-- The C compiler identification is GNU 5.4.0
-- The CXX compiler identification is GNU 5.4.0
-- Check for working C compiler: /usr/bin/cc
-- Check for working C compiler: /usr/bin/cc -- works
-- Detecting C compiler ABI info
-- Detecting C compiler ABI info - done
-- Detecting C compile features
-- Detecting C compile features - done
-- Check for working CXX compiler: /usr/bin/c++
-- Check for working CXX compiler: /usr/bin/c++ -- works
-- Detecting CXX compiler ABI info
-- Detecting CXX compiler ABI info - done
-- Detecting CXX compile features
-- Detecting CXX compile features - done
Go4 found at /home/evovch/soft/go4-5.3.0
-- Configuring done
-- Generating done
-- Build files have been written to: /home/evovch/Documents/Useful/go4_5H_processor/build
[ 10%] Generating G__UserAnalysis.cxx, libUserAnalysis_rdict.pcm, libUserAnalysis.rootmap
Scanning dependencies of target UserAnalysis
[ 30%] Building CXX object CMakeFiles/UserAnalysis.dir/UserProcStep2.cxx.o
[ 30%] Building CXX object CMakeFiles/UserAnalysis.dir/G__UserAnalysis.cxx.o
[ 50%] Building CXX object CMakeFiles/UserAnalysis.dir/UserProc.cxx.o
[ 50%] Building CXX object CMakeFiles/UserAnalysis.dir/UserEvent.cxx.o
[ 60%] Building CXX object CMakeFiles/UserAnalysis.dir/UserEventStep2.cxx.o
[ 70%] Building CXX object CMakeFiles/UserAnalysis.dir/data/BeamDetMWPCDigi.cxx.o
[ 80%] Building CXX object CMakeFiles/UserAnalysis.dir/UserAnalysisHistos.cxx.o
[ 90%] Building CXX object CMakeFiles/UserAnalysis.dir/UserAnalysis.cxx.o
[100%] Linking CXX shared library libUserAnalysis.so
[100%] Built target UserAnalysis
/home/evovch/Documents/Useful/go4_5H_processor
'build/libUserAnalysis.so' -> './libUserAnalysis.so'
'build/libUserAnalysis_rdict.pcm' -> './libUserAnalysis_rdict.pcm'
Finished.

//////// Run go4analysis, produce output files

evovch@evovch-laptop:~/Documents/Useful/go4_5H_processor$ ./run.sh

//////// Try to open the output root file, get a warning

evovch@evovch-laptop:~/Documents/Useful/go4_5H_processor$ root -l output.root
root [0]
Attaching file output.root as _file0...
Warning in <TClass::Init>: no dictionary for class UserEvent is available
(TFile *) 0x31be9e0
root [1] .q

//////// Fix the warning by loading the corresponding so

evovch@evovch-laptop:~/Documents/Useful/go4_5H_processor$ root -l
root [0] .L libUserAnalysis.so
cling::DynamicLibraryManager::loadLibrary(): /home/evovch/Documents/Useful/go4_5H_processor/libUserAnalysis.so: undefined symbol: _ZNK12TGo4Analysis5PrintEPKc

//////// Ok, fine, my so depends on the Go4 so, load it then!

root [1] .L ~/soft/go4-5.3.0/lib/libGo4Analysis.so
root [2] .L libUserAnalysis.so
root [3] TFile *_file0 = TFile::Open("output.root")
(TFile *) 0x2e43aa0

//////// We have opened the root file with no warnings, looks fine by now.

root [4] new TBrowser
(TBrowser *) 0x26feff0

//////// Here I start navigating over the tree in the browser and get the following error at some point:

root [5] In file included from libUserAnalysis dictionary payload:9:
/home/evovch/Documents/Useful/go4_5H_processor/UserProc.h:4:10: fatal error: 'TGo4EventProcessor.h' file not found
#include <TGo4EventProcessor.h> // mother class
         ^~~~~~~~~~~~~~~~~~~~~~
Error in <TInterpreter::AutoParse>: Error parsing payload code for class UserEvent with content:

#line 1 "libUserAnalysis dictionary payload"

#ifndef G__VECTOR_HAS_CLASS_ITERATOR
  #define G__VECTOR_HAS_CLASS_ITERATOR 1
#endif

#define _BACKWARD_BACKWARD_WARNING_H
#include "/home/evovch/Documents/Useful/go4_5H_processor/UserAnalysis.h"
#include "/home/evovch/Documents/Useful/go4_5H_processor/UserEvent.h"
#include "/home/evovch/Documents/Useful/go4_5H_processor/UserProc.h"
#include "/home/evovch/Documents/Useful/go4_5H_processor/UserEventStep2.h"
#include "/home/evovch/Documents/Useful/go4_5H_processor/UserProcStep2.h"
#include "/home/evovch/Documents/Useful/go4_5H_processor/UserAnalysisHistos.h"
#include "/home/evovch/Documents/Useful/go4_5H_processor/data/BeamDetMWPCDigi.h"

#undef  _BACKWARD_BACKWARD_WARNING_H

Error in <TClass::LoadClassInfo>: no interpreter information for class UserEvent is available even though it has a TClass initialization routine.
In file included from libGo4Analysis dictionary payload:37:
/home/evovch/soft/go4-5.3.0/Go4EventServer/Go4EventServer.h:22:10: fatal error: 'TGo4EventProcessor.h' file not found
#include "TGo4EventProcessor.h"
         ^~~~~~~~~~~~~~~~~~~~~~
Error in <TInterpreter::AutoParse>: Error parsing payload code for class TGo4EventElement with content:

#line 1 "libGo4Analysis dictionary payload"

#ifndef G__VECTOR_HAS_CLASS_ITERATOR
  #define G__VECTOR_HAS_CLASS_ITERATOR 1
#endif
#ifndef Linux
  #define Linux 1
#endif

#define _BACKWARD_BACKWARD_WARNING_H
#include "Go4Event/TGo4EventSource.h"
#include "Go4Event/TGo4EventCalibration.h"
#include "Go4Event/TGo4EventStore.h"
#include "Go4Event/TGo4CompositeProcessor.h"
#include "Go4Event/TGo4EventProcessor.h"
#include "Go4Event/TGo4EventFactory.h"
#include "Go4Event/TGo4EventSourceException.h"
#include "Go4Event/TGo4EventTimeoutException.h"
#include "Go4Event/TGo4EventEndException.h"
#include "Go4Event/TGo4EventErrorException.h"
#include "Go4Event/TGo4EventElement.h"
#include "Go4Event/TGo4CompositeEvent.h"
#include "Go4EventServer/TGo4GSIEventHeader.h"
#include "Go4EventServer/TGo4MbsEventServer.h"
#include "Go4EventServer/TGo4MainTree.h"
#include "Go4EventServer/TGo4MbsRandom.h"
#include "Go4EventServer/Go4EventServerTypes.h"
#include "Go4EventServer/TGo4MbsFile.h"
#include "Go4EventServer/TGo4MbsSource.h"
#include "Go4EventServer/TGo4FileSource.h"
#include "Go4EventServer/TGo4SubEventHeader10.h"
#include "Go4EventServer/TGo4RevServ.h"
#include "Go4EventServer/TGo4StepFactory.h"
#include "Go4EventServer/TGo4MbsTransport.h"
#include "Go4EventServer/TGo4EventHeader10.h"
#include "Go4EventServer/TGo4BackStore.h"
#include "Go4EventServer/TGo4TreeStore.h"
#include "Go4EventServer/Go4EventServer.h"
#include "Go4EventServer/TGo4FileStore.h"
#include "Go4EventServer/TGo4MbsEvent.h"
#include "Go4EventServer/TGo4MbsStream.h"
#include "Go4EventServer/TGo4EventServerFactory.h"
#include "Go4EventServer/TGo4TreeSource.h"
#include "Go4EventServer/TGo4MbsSubEvent.h"
#include "Go4HistogramServer/TGo4ObjClient.h"
#include "Go4HistogramServer/TGo4MbsHist.h"
#include "Go4HistogramServer/TGo4ObjConnectorRunnable.h"
#include "Go4HistogramServer/TGo4HisConnectorRunnable.h"
#include "Go4HistogramServer/TGo4HistogramServer.h"
#include "Go4HistogramServer/TGo4ObjConnectorTimer.h"
#include "Go4Analysis/TGo4AnalysisWebStatus.h"
#include "Go4Analysis/TGo4AnalysisImp.h"
#include "Go4Analysis/TGo4AnalysisObjectManager.h"
#include "Go4Analysis/TGo4AnalysisStepException.h"
#include "Go4Analysis/TGo4AnalysisStep.h"
#include "Go4Analysis/TGo4AnalysisSniffer.h"
#include "Go4Analysis/TGo4AnalysisStepManager.h"
#include "Go4Analysis/TGo4UserException.h"
#include "Go4Analysis/TGo4DynamicList.h"
#include "Go4CommandsAnalysis/TGo4ComSetProtections.h"
#include "Go4CommandsAnalysis/TGo4ComSetPrintEvent.h"
#include "Go4CommandsAnalysis/TGo4AnalysisCommand.h"
#include "Go4CommandsAnalysis/TGo4ComAddTreeHistogram.h"
#include "Go4CommandsAnalysis/TGo4AnalysisCommandList.h"
#include "Go4CommandsAnalysis/TGo4ComSetAnalysisStatus.h"
#include "Go4CommandsAnalysis/TGo4ComDeleteObject.h"
#include "Go4CommandsAnalysis/TGo4ComCloseAnalysis.h"
#include "Go4CommandsAnalysis/TGo4ComPrintHistograms.h"
#include "Go4CommandsAnalysis/TGo4ComGetAnalysisStatus.h"
#include "Go4CommandsAnalysis/TGo4ComSetObject.h"
#include "Go4CommandsAnalysis/TGo4AnalysisObjectCommand.h"
#include "Go4CommandsAnalysis/TGo4ComClearObject.h"
#include "Go4CommandsAnalysis/TGo4ComInitAnalysis.h"
#include "Go4CommandsAnalysis/TGo4ComGetObjectStatus.h"
#include "Go4CommandsAnalysis/TGo4ComPrintConditions.h"
#include "Go4CommandsAnalysis/TGo4ComPrintDynList.h"
#include "Go4CommandsAnalysis/TGo4ComSaveAnalysisStatus.h"
#include "Go4CommandsAnalysis/TGo4ComAutosave.h"
#include "Go4CommandsAnalysis/TGo4ComGetCurrentEvent.h"
#include "Go4CommandsAnalysis/TGo4ComGetEnvelope.h"
#include "Go4CommandsAnalysis/TGo4ComGetNamesList.h"
#include "Go4CommandsAnalysis/TGo4ComLoadAnalysisStatus.h"
#include "Go4AnalysisClient/TGo4AnalysisClientImp.h"
#include "Go4AnalysisClient/TGo4AnalysisWatchRunnable.h"
#include "Go4AnalysisClient/TGo4AnalysisMainRunnable.h"

#undef  _BACKWARD_BACKWARD_WARNING_H

Error in <TClass::LoadClassInfo>: no interpreter information for class TGo4EventElement is available even though it has a TClass initialization routine.
.q
